Archive member included to satisfy reference by file (symbol)

C:/ST/STM32CubeIDE_1.15.0/STM32CubeIDE/plugins/com.st.stm32cube.ide.mcu.externaltools.gnu-tools-for-stm32.12.3.rel1.win32_1.0.200.202406191623/tools/bin/../lib/gcc/arm-none-eabi/12.3.1/../../../../arm-none-eabi/lib/thumb/v7-m/nofp\libc_nano.a(libc_a-exit.o)
                              C:/ST/STM32CubeIDE_1.15.0/STM32CubeIDE/plugins/com.st.stm32cube.ide.mcu.externaltools.gnu-tools-for-stm32.12.3.rel1.win32_1.0.200.202406191623/tools/bin/../lib/gcc/arm-none-eabi/12.3.1/../../../../arm-none-eabi/lib/thumb/v7-m/nofp/crt0.o (exit)
C:/ST/STM32CubeIDE_1.15.0/STM32CubeIDE/plugins/com.st.stm32cube.ide.mcu.externaltools.gnu-tools-for-stm32.12.3.rel1.win32_1.0.200.202406191623/tools/bin/../lib/gcc/arm-none-eabi/12.3.1/../../../../arm-none-eabi/lib/thumb/v7-m/nofp\libc_nano.a(libc_a-findfp.o)
                              C:/ST/STM32CubeIDE_1.15.0/STM32CubeIDE/plugins/com.st.stm32cube.ide.mcu.externaltools.gnu-tools-for-stm32.12.3.rel1.win32_1.0.200.202406191623/tools/bin/../lib/gcc/arm-none-eabi/12.3.1/../../../../arm-none-eabi/lib/thumb/v7-m/nofp\libc_nano.a(libc_a-exit.o) (__stdio_exit_handler)
C:/ST/STM32CubeIDE_1.15.0/STM32CubeIDE/plugins/com.st.stm32cube.ide.mcu.externaltools.gnu-tools-for-stm32.12.3.rel1.win32_1.0.200.202406191623/tools/bin/../lib/gcc/arm-none-eabi/12.3.1/../../../../arm-none-eabi/lib/thumb/v7-m/nofp\libc_nano.a(libc_a-fwalk.o)
                              C:/ST/STM32CubeIDE_1.15.0/STM32CubeIDE/plugins/com.st.stm32cube.ide.mcu.externaltools.gnu-tools-for-stm32.12.3.rel1.win32_1.0.200.202406191623/tools/bin/../lib/gcc/arm-none-eabi/12.3.1/../../../../arm-none-eabi/lib/thumb/v7-m/nofp\libc_nano.a(libc_a-findfp.o) (_fwalk_sglue)
C:/ST/STM32CubeIDE_1.15.0/STM32CubeIDE/plugins/com.st.stm32cube.ide.mcu.externaltools.gnu-tools-for-stm32.12.3.rel1.win32_1.0.200.202406191623/tools/bin/../lib/gcc/arm-none-eabi/12.3.1/../../../../arm-none-eabi/lib/thumb/v7-m/nofp\libc_nano.a(libc_a-stdio.o)
                              C:/ST/STM32CubeIDE_1.15.0/STM32CubeIDE/plugins/com.st.stm32cube.ide.mcu.externaltools.gnu-tools-for-stm32.12.3.rel1.win32_1.0.200.202406191623/tools/bin/../lib/gcc/arm-none-eabi/12.3.1/../../../../arm-none-eabi/lib/thumb/v7-m/nofp\libc_nano.a(libc_a-findfp.o) (__sread)
C:/ST/STM32CubeIDE_1.15.0/STM32CubeIDE/plugins/com.st.stm32cube.ide.mcu.externaltools.gnu-tools-for-stm32.12.3.rel1.win32_1.0.200.202406191623/tools/bin/../lib/gcc/arm-none-eabi/12.3.1/../../../../arm-none-eabi/lib/thumb/v7-m/nofp\libc_nano.a(libc_a-memset.o)
                              C:/ST/STM32CubeIDE_1.15.0/STM32CubeIDE/plugins/com.st.stm32cube.ide.mcu.externaltools.gnu-tools-for-stm32.12.3.rel1.win32_1.0.200.202406191623/tools/bin/../lib/gcc/arm-none-eabi/12.3.1/../../../../arm-none-eabi/lib/thumb/v7-m/nofp/crt0.o (memset)
C:/ST/STM32CubeIDE_1.15.0/STM32CubeIDE/plugins/com.st.stm32cube.ide.mcu.externaltools.gnu-tools-for-stm32.12.3.rel1.win32_1.0.200.202406191623/tools/bin/../lib/gcc/arm-none-eabi/12.3.1/../../../../arm-none-eabi/lib/thumb/v7-m/nofp\libc_nano.a(libc_a-closer.o)
                              C:/ST/STM32CubeIDE_1.15.0/STM32CubeIDE/plugins/com.st.stm32cube.ide.mcu.externaltools.gnu-tools-for-stm32.12.3.rel1.win32_1.0.200.202406191623/tools/bin/../lib/gcc/arm-none-eabi/12.3.1/../../../../arm-none-eabi/lib/thumb/v7-m/nofp\libc_nano.a(libc_a-stdio.o) (_close_r)
C:/ST/STM32CubeIDE_1.15.0/STM32CubeIDE/plugins/com.st.stm32cube.ide.mcu.externaltools.gnu-tools-for-stm32.12.3.rel1.win32_1.0.200.202406191623/tools/bin/../lib/gcc/arm-none-eabi/12.3.1/../../../../arm-none-eabi/lib/thumb/v7-m/nofp\libc_nano.a(libc_a-reent.o)
                              C:/ST/STM32CubeIDE_1.15.0/STM32CubeIDE/plugins/com.st.stm32cube.ide.mcu.externaltools.gnu-tools-for-stm32.12.3.rel1.win32_1.0.200.202406191623/tools/bin/../lib/gcc/arm-none-eabi/12.3.1/../../../../arm-none-eabi/lib/thumb/v7-m/nofp\libc_nano.a(libc_a-closer.o) (errno)
C:/ST/STM32CubeIDE_1.15.0/STM32CubeIDE/plugins/com.st.stm32cube.ide.mcu.externaltools.gnu-tools-for-stm32.12.3.rel1.win32_1.0.200.202406191623/tools/bin/../lib/gcc/arm-none-eabi/12.3.1/../../../../arm-none-eabi/lib/thumb/v7-m/nofp\libc_nano.a(libc_a-impure.o)
                              C:/ST/STM32CubeIDE_1.15.0/STM32CubeIDE/plugins/com.st.stm32cube.ide.mcu.externaltools.gnu-tools-for-stm32.12.3.rel1.win32_1.0.200.202406191623/tools/bin/../lib/gcc/arm-none-eabi/12.3.1/../../../../arm-none-eabi/lib/thumb/v7-m/nofp\libc_nano.a(libc_a-reent.o) (_impure_ptr)
C:/ST/STM32CubeIDE_1.15.0/STM32CubeIDE/plugins/com.st.stm32cube.ide.mcu.externaltools.gnu-tools-for-stm32.12.3.rel1.win32_1.0.200.202406191623/tools/bin/../lib/gcc/arm-none-eabi/12.3.1/../../../../arm-none-eabi/lib/thumb/v7-m/nofp\libc_nano.a(libc_a-lseekr.o)
[...]
Memory Configuration

Name             Origin             Length             Attributes
RAM              0x20000000         0x00005000         xrw
FLASH            0x08000000         0x00010000         xr
*default*        0x00000000         0xffffffff

Linker script and memory map

LOAD C:/ST/STM32CubeIDE_1.15.0/STM32CubeIDE/plugins/com.st.stm32cube.ide.mcu.externaltools.gnu-tools-for-stm32.12.3.rel1.win32_1.0.200.202406191623/tools/bin/../lib/gcc/arm-none-eabi/12.3.1/thumb/v7-m/nofp/crti.o
LOAD C:/ST/STM32CubeIDE_1.15.0/STM32CubeIDE/plugins/com.st.stm32cube.ide.mcu.externaltools.gnu-tools-for-stm32.12.3.rel1.win32_1.0.200.202406191623/tools/bin/../lib/gcc/arm-none-eabi/12.3.1/thumb/v7-m/nofp/crtbegin.o
LOAD C:/ST/STM32CubeIDE_1.15.0/STM32CubeIDE/plugins/com.st.stm32cube.ide.mcu.externaltools.gnu-tools-for-stm32.12.3.rel1.win32_1.0.200.202406191623/tools/bin/../lib/gcc/arm-none-eabi/12.3.1/../../../../arm-none-eabi/lib/thumb/v7-m/nofp/crt0.o
LOAD ./Core/Src/main.o
LOAD ./Core/Src/stm32f1xx_hal_msp.o
LOAD ./Core/Src/stm32f1xx_it.o
LOAD ./Core/Src/syscalls.o
LOAD ./Core/Src/sysmem.o
LOAD ./Core/Src/system_stm32f1xx.o
LOAD ./Core/Startup/startup_stm32f103c8tx.o
LOAD ./Drivers/STM32F1xx_HAL_Driver/Src/stm32f1xx_hal.o
LOAD ./Drivers/STM32F1xx_HAL_Driver/Src/stm32f1xx_hal_cortex.o
LOAD ./Drivers/STM32F1xx_HAL_Driver/Src/stm32f1xx_hal_dma.o
LOAD ./Drivers/STM32F1xx_HAL_Driver/Src/stm32f1xx_hal_exti.o
LOAD ./Drivers/STM32F1xx_HAL_Driver/Src/stm32f1xx_hal_flash.o
LOAD ./Drivers/STM32F1xx_HAL_Driver/Src/stm32f1xx_hal_flash_ex.o
LOAD ./Drivers/STM32F1xx_HAL_Driver/Src/stm32f1xx_hal_gpio.o
LOAD ./Drivers/STM32F1xx_HAL_Driver/Src/stm32f1xx_hal_gpio_ex.o
LOAD ./Drivers/STM32F1xx_HAL_Driver/Src/stm32f1xx_hal_pwr.o
LOAD ./Drivers/STM32F1xx_HAL_Driver/Src/stm32f1xx_hal_rcc.o
LOAD ./Drivers/STM32F1xx_HAL_Driver/Src/stm32f1xx_hal_rcc_ex.o
LOAD ./Drivers/STM32F1xx_HAL_Driver/Src/stm32f1xx_hal_tim.o
LOAD ./Drivers/STM32F1xx_HAL_Driver/Src/stm32f1xx_hal_tim_ex.o
LOAD ./Drivers/STM32F1xx_HAL_Driver/Src/stm32f1xx_hal_uart.o
START GROUP
LOAD C:/ST/STM32CubeIDE_1.15.0/STM32CubeIDE/plugins/com.st.stm32cube.ide.mcu.externaltools.gnu-tools-for-stm32.12.3.rel1.win32_1.0.200.202406191623/tools/bin/../lib/gcc/arm-none-eabi/12.3.1/../../../../arm-none-eabi/lib/thumb/v7-m/nofp\libc_nano.a
LOAD C:/ST/STM32CubeIDE_1.15.0/STM32CubeIDE/plugins/com.st.stm32cube.ide.mcu.externaltools.gnu-tools-for-stm32.12.3.rel1.win32_1.0.200.202406191623/tools/bin/../lib/gcc/arm-none-eabi/12.3.1/../../../../arm-none-eabi/lib/thumb/v7-m/nofp\libm.a
END GROUP
START GROUP
LOAD C:/ST/STM32CubeIDE_1.15.0/STM32CubeIDE/plugins/com.st.stm32cube.ide.mcu.externaltools.gnu-tools-for-stm32.12.3.rel1.win32_1.0.200.202406191623/tools/bin/../lib/gcc/arm-none-eabi/12.3.1/thumb/v7-m/nofp\libgcc.a
LOAD C:/ST/STM32CubeIDE_1.15.0/STM32CubeIDE/plugins/com.st.stm32cube.ide.mcu.externaltools.gnu-tools-for-stm32.12.3.rel1.win32_1.0.200.202406191623/tools/bin/../lib/gcc/arm-none-eabi/12.3.1/../../../../arm-none-eabi/lib/thumb/v7-m/nofp\libc_nano.a
END GROUP
START GROUP
LOAD C:/ST/STM32CubeIDE_1.15.0/STM32CubeIDE/plugins/com.st.stm32cube.ide.mcu.externaltools.gnu-tools-for-stm32.12.3.rel1.win32_1.0.200.202406191623/tools/bin/../lib/gcc/arm-none-eabi/12.3.1/thumb/v7-m/nofp\libgcc.a
LOAD C:/ST/STM32CubeIDE_1.15.0/STM32CubeIDE/plugins/com.st.stm32cube.ide.mcu.externaltools.gnu-tools-for-stm32.12.3.rel1.win32_1.0.200.202406191623/tools/bin/../lib/gcc/arm-none-eabi/12.3.1/../../../../arm-none-eabi/lib/thumb/v7-m/nofp\libc_nano.a
LOAD C:/ST/STM32CubeIDE_1.15.0/STM32CubeIDE/plugins/com.st.stm32cube.ide.mcu.externaltools.gnu-tools-for-stm32.12.3.rel1.win32_1.0.200.202406191623/tools/bin/../lib/gcc/arm-none-eabi/12.3.1/../../../../arm-none-eabi/lib/thumb/v7-m/nofp\libnosys.a
END GROUP
START GROUP
LOAD C:/ST/STM32CubeIDE_1.15.0/STM32CubeIDE/plugins/com.st.stm32cube.ide.mcu.externaltools.gnu-tools-for-stm32.12.3.rel1.win32_1.0.200.202406191623/tools/bin/../lib/gcc/arm-none-eabi/12.3.1/thumb/v7-m/nofp\libgcc.a
LOAD C:/ST/STM32CubeIDE_1.15.0/STM32CubeIDE/plugins/com.st.stm32cube.ide.mcu.externaltools.gnu-tools-for-stm32.12.3.rel1.win32_1.0.200.202406191623/tools/bin/../lib/gcc/arm-none-eabi/12.3.1/../../../../arm-none-eabi/lib/thumb/v7-m/nofp\libc_nano.a
LOAD C:/ST/STM32CubeIDE_1.15.0/STM32CubeIDE/plugins/com.st.stm32cube.ide.mcu.externaltools.gnu-tools-for-stm32.12.3.rel1.win32_1.0.200.202406191623/tools/bin/../lib/gcc/arm-none-eabi/12.3.1/../../../../arm-none-eabi/lib/thumb/v7-m/nofp\libnosys.a
END GROUP
LOAD C:/ST/STM32CubeIDE_1.15.0/STM32CubeIDE/plugins/com.st.stm32cube.ide.mcu.externaltools.gnu-tools-for-stm32.12.3.rel1.win32_1.0.200.202406191623/tools/bin/../lib/gcc/arm-none-eabi/12.3.1/thumb/v7-m/nofp/crtend.o
LOAD C:/ST/STM32CubeIDE_1.15.0/STM32CubeIDE/plugins/com.st.stm32cube.ide.mcu.externaltools.gnu-tools-for-stm32.12.3.rel1.win32_1.0.200.202406191623/tools/bin/../lib/gcc/arm-none-eabi/12.3.1/thumb/v7-m/nofp/crtn.o
                0x20005000                        _estack = (ORIGIN (RAM) + LENGTH (RAM))
                0x00000200                        _Min_Heap_Size = 0x200
                0x00000400                        _Min_Stack_Size = 0x400

.isr_vector     0x08000000      0x10c
                0x08000000                        . = ALIGN (0x4)
 *(.isr_vector)
 .isr_vector    0x08000000      0x10c ./Core/Startup/startup_stm32f103c8tx.o
                0x08000000                g_pfnVectors
                0x0800010c                        . = ALIGN (0x4)

.text           0x0800010c     0x2dcc
                0x0800010c                        . = ALIGN (0x4)
 *(.text)
 .text          0x0800010c       0x40 C:/ST/STM32CubeIDE_1.15.0/STM32CubeIDE/plugins/com.st.stm32cube.ide.mcu.externaltools.gnu-tools-for-stm32.12.3.rel1.win32_1.0.200.202406191623/tools/bin/../lib/gcc/arm-none-eabi/12.3.1/thumb/v7-m/nofp/crtbegin.o
 *(.text*)
 .text.main     0x0800014c      0x590 ./Core/Src/main.o
                0x0800014c                main
 .text.SystemClock_Config
                0x080006dc       0x80 ./Core/Src/main.o
                0x080006dc                SystemClock_Config
 .text.MX_TIM1_Init
                0x0800075c      0x13c ./Core/Src/main.o
 .text.MX_TIM2_Init
                0x08000898      0x12c ./Core/Src/main.o
 .text.MX_TIM3_Init
                0x080009c4      0x118 ./Core/Src/main.o
 .text.MX_USART3_UART_Init
                0x08000adc       0x54 ./Core/Src/main.o
 .text.MX_GPIO_Init
                0x08000b30       0xb0 ./Core/Src/main.o
 .text.Error_Handler
                0x08000be0        0xc ./Core/Src/main.o
                0x08000be0                Error_Handler
 .text.HAL_MspInit
                0x08000bec       0x64 ./Core/Src/stm32f1xx_hal_msp.o
                0x08000bec                HAL_MspInit
 .text.HAL_TIM_Base_MspInit
                0x08000c50       0x88 ./Core/Src/stm32f1xx_hal_msp.o
                0x08000c50                HAL_TIM_Base_MspInit
 .text.HAL_TIM_MspPostInit
                0x08000cd8      0x118 ./Core/Src/stm32f1xx_hal_msp.o
                0x08000cd8                HAL_TIM_MspPostInit
 .text.HAL_UART_MspInit
                0x08000df0       0x98 ./Core/Src/stm32f1xx_hal_msp.o
                0x08000df0                HAL_UART_MspInit
 .text.NMI_Handler
                0x08000e88        0x8 ./Core/Src/stm32f1xx_it.o
                0x08000e88                NMI_Handler
 .text.HardFault_Handler
                0x08000e90        0x8 ./Core/Src/stm32f1xx_it.o
                0x08000e90                HardFault_Handler
 .text.MemManage_Handler
                0x08000e98        0x8 ./Core/Src/stm32f1xx_it.o
                0x08000e98                MemManage_Handler
 .text.BusFault_Handler
                0x08000ea0        0x8 ./Core/Src/stm32f1xx_it.o
                0x08000ea0                BusFault_Handler
 .text.UsageFault_Handler
                0x08000ea8        0x8 ./Core/Src/stm32f1xx_it.o
                0x08000ea8                UsageFault_Handler
 .text.SVC_Handler
                0x08000eb0        0xc ./Core/Src/stm32f1xx_it.o
                0x08000eb0                SVC_Handler
 .text.DebugMon_Handler
                0x08000ebc        0xc ./Core/Src/stm32f1xx_it.o
                0x08000ebc                DebugMon_Handler
 .text.PendSV_Handler
                0x08000ec8        0xc ./Core/Src/stm32f1xx_it.o
                0x08000ec8                PendSV_Handler
 .text.SysTick_Handler
                0x08000ed4        0xc ./Core/Src/stm32f1xx_it.o
                0x08000ed4                SysTick_Handler
 .text.SystemInit
                0x08000ee0        0xc ./Core/Src/system_stm32f1xx.o
                0x08000ee0                SystemInit
 .text.Reset_Handler
                0x08000eec       0x48 ./Core/Startup/startup_stm32f103c8tx.o
                0x08000eec                Reset_Handler
 .text.Default_Handler
                0x08000f34        0x2 ./Core/Startup/startup_stm32f103c8tx.o
                0x08000f34                RTC_Alarm_IRQHandler
                0x08000f34                EXTI2_IRQHandler
                0x08000f34                TIM1_CC_IRQHandler
                0x08000f34                PVD_IRQHandler
                0x08000f34                EXTI3_IRQHandler
                0x08000f34                EXTI0_IRQHandler
                0x08000f34                I2C2_EV_IRQHandler
                0x08000f34                ADC1_2_IRQHandler
                0x08000f34                SPI1_IRQHandler
                0x08000f34                TAMPER_IRQHandler
                0x08000f34                DMA1_Channel4_IRQHandler
                0x08000f34                USART3_IRQHandler
                0x08000f34                RTC_IRQHandler
                0x08000f34                DMA1_Channel7_IRQHandler
                0x08000f34                CAN1_RX1_IRQHandler
                0x08000f34                TIM4_IRQHandler
                0x08000f34                I2C1_EV_IRQHandler
                0x08000f34                DMA1_Channel6_IRQHandler
                0x08000f34                TIM3_IRQHandler
                0x08000f34                RCC_IRQHandler
                0x08000f34                TIM1_TRG_COM_IRQHandler
                0x08000f34                DMA1_Channel1_IRQHandler
                0x08000f34                Default_Handler
                0x08000f34                EXTI15_10_IRQHandler
                0x08000f34                EXTI9_5_IRQHandler
                0x08000f34                SPI2_IRQHandler
                0x08000f34                DMA1_Channel5_IRQHandler
                0x08000f34                EXTI4_IRQHandler
                0x08000f34                USB_LP_CAN1_RX0_IRQHandler
                0x08000f34                USB_HP_CAN1_TX_IRQHandler
                0x08000f34                DMA1_Channel3_IRQHandler
                0x08000f34                TIM1_UP_IRQHandler
                0x08000f34                WWDG_IRQHandler
                0x08000f34                TIM2_IRQHandler
                0x08000f34                TIM1_BRK_IRQHandler
                0x08000f34                EXTI1_IRQHandler
                0x08000f34                USART2_IRQHandler
                0x08000f34                I2C2_ER_IRQHandler
                0x08000f34                DMA1_Channel2_IRQHandler
                0x08000f34                CAN1_SCE_IRQHandler
                0x08000f34                FLASH_IRQHandler
                0x08000f34                USART1_IRQHandler
                0x08000f34                I2C1_ER_IRQHandler
                0x08000f34                USBWakeUp_IRQHandler
 *fill*         0x08000f36        0x2 
 .text.HAL_Init
                0x08000f38       0x2c ./Drivers/STM32F1xx_HAL_Driver/Src/stm32f1xx_hal.o
                0x08000f38                HAL_Init
 .text.HAL_InitTick
                0x08000f64       0x60 ./Drivers/STM32F1xx_HAL_Driver/Src/stm32f1xx_hal.o
                0x08000f64                HAL_InitTick
 .text.HAL_IncTick
                0x08000fc4       0x24 ./Drivers/STM32F1xx_HAL_Driver/Src/stm32f1xx_hal.o
                0x08000fc4                HAL_IncTick
 .text.HAL_GetTick
                0x08000fe8       0x14 ./Drivers/STM32F1xx_HAL_Driver/Src/stm32f1xx_hal.o
                0x08000fe8                HAL_GetTick
 .text.HAL_Delay
                0x08000ffc       0x48 ./Drivers/STM32F1xx_HAL_Driver/Src/stm32f1xx_hal.o
                0x08000ffc                HAL_Delay
 .text.__NVIC_SetPriorityGrouping
                0x08001044       0x48 ./Drivers/STM32F1xx_HAL_Driver/Src/stm32f1xx_hal_cortex.o
 .text.__NVIC_GetPriorityGrouping
                0x0800108c       0x1c ./Drivers/STM32F1xx_HAL_Driver/Src/stm32f1xx_hal_cortex.o
 .text.__NVIC_SetPriority
                0x080010a8       0x54 ./Drivers/STM32F1xx_HAL_Driver/Src/stm32f1xx_hal_cortex.o
 .text.NVIC_EncodePriority
                0x080010fc       0x64 ./Drivers/STM32F1xx_HAL_Driver/Src/stm32f1xx_hal_cortex.o
 .text.SysTick_Config
                0x08001160       0x44 ./Drivers/STM32F1xx_HAL_Driver/Src/stm32f1xx_hal_cortex.o
 .text.HAL_NVIC_SetPriorityGrouping
                0x080011a4       0x16 ./Drivers/STM32F1xx_HAL_Driver/Src/stm32f1xx_hal_cortex.o
                0x080011a4                HAL_NVIC_SetPriorityGrouping
 .text.HAL_NVIC_SetPriority
                0x080011ba       0x38 ./Drivers/STM32F1xx_HAL_Driver/Src/stm32f1xx_hal_cortex.o
                0x080011ba                HAL_NVIC_SetPriority
 .text.HAL_SYSTICK_Config
                0x080011f2       0x18 ./Drivers/STM32F1xx_HAL_Driver/Src/stm32f1xx_hal_cortex.o
                0x080011f2                HAL_SYSTICK_Config
 *fill*         0x0800120a        0x2 
 .text.HAL_GPIO_Init
                0x0800120c      0x308 ./Drivers/STM32F1xx_HAL_Driver/Src/stm32f1xx_hal_gpio.o
                0x0800120c                HAL_GPIO_Init
 .text.HAL_GPIO_WritePin
                0x08001514       0x30 ./Drivers/STM32F1xx_HAL_Driver/Src/stm32f1xx_hal_gpio.o
                0x08001514                HAL_GPIO_WritePin
 .text.HAL_RCC_OscConfig
                0x08001544      0x504 ./Drivers/STM32F1xx_HAL_Driver/Src/stm32f1xx_hal_rcc.o
                0x08001544                HAL_RCC_OscConfig
 .text.HAL_RCC_ClockConfig
                0x08001a48      0x1d4 ./Drivers/STM32F1xx_HAL_Driver/Src/stm32f1xx_hal_rcc.o
                0x08001a48                HAL_RCC_ClockConfig
 .text.HAL_RCC_GetSysClockFreq
                0x08001c1c       0xbc ./Drivers/STM32F1xx_HAL_Driver/Src/stm32f1xx_hal_rcc.o
                0x08001c1c                HAL_RCC_GetSysClockFreq
 .text.HAL_RCC_GetHCLKFreq
                0x08001cd8       0x14 ./Drivers/STM32F1xx_HAL_Driver/Src/stm32f1xx_hal_rcc.o
                0x08001cd8                HAL_RCC_GetHCLKFreq
 .text.HAL_RCC_GetPCLK1Freq
                0x08001cec       0x28 ./Drivers/STM32F1xx_HAL_Driver/Src/stm32f1xx_hal_rcc.o
                0x08001cec                HAL_RCC_GetPCLK1Freq
 .text.HAL_RCC_GetPCLK2Freq
                0x08001d14       0x28 ./Drivers/STM32F1xx_HAL_Driver/Src/stm32f1xx_hal_rcc.o
                0x08001d14                HAL_RCC_GetPCLK2Freq
 .text.RCC_Delay
                0x08001d3c       0x3c ./Drivers/STM32F1xx_HAL_Driver/Src/stm32f1xx_hal_rcc.o
 .text.HAL_TIM_Base_Init
                0x08001d78       0x9e ./Drivers/STM32F1xx_HAL_Driver/Src/stm32f1xx_hal_tim.o
                0x08001d78                HAL_TIM_Base_Init
 .text.HAL_TIM_PWM_Init
                0x08001e16       0x9e ./Drivers/STM32F1xx_HAL_Driver/Src/stm32f1xx_hal_tim.o
                0x08001e16                HAL_TIM_PWM_Init
 .text.HAL_TIM_PWM_MspInit
                0x08001eb4       0x12 ./Drivers/STM32F1xx_HAL_Driver/Src/stm32f1xx_hal_tim.o
                0x08001eb4                HAL_TIM_PWM_MspInit
 *fill*         0x08001ec6        0x2 
 .text.HAL_TIM_PWM_Start
                0x08001ec8      0x144 ./Drivers/STM32F1xx_HAL_Driver/Src/stm32f1xx_hal_tim.o
                0x08001ec8                HAL_TIM_PWM_Start
 .text.HAL_TIM_PWM_ConfigChannel
                0x0800200c      0x17c ./Drivers/STM32F1xx_HAL_Driver/Src/stm32f1xx_hal_tim.o
                0x0800200c                HAL_TIM_PWM_ConfigChannel
 .text.HAL_TIM_ConfigClockSource
                0x08002188      0x188 ./Drivers/STM32F1xx_HAL_Driver/Src/stm32f1xx_hal_tim.o
                0x08002188                HAL_TIM_ConfigClockSource
 .text.TIM_Base_SetConfig
                0x08002310       0xc4 ./Drivers/STM32F1xx_HAL_Driver/Src/stm32f1xx_hal_tim.o
                0x08002310                TIM_Base_SetConfig
 .text.TIM_OC1_SetConfig
                0x080023d4       0xcc ./Drivers/STM32F1xx_HAL_Driver/Src/stm32f1xx_hal_tim.o
 .text.TIM_OC2_SetConfig
                0x080024a0       0xd4 ./Drivers/STM32F1xx_HAL_Driver/Src/stm32f1xx_hal_tim.o
                0x080024a0                TIM_OC2_SetConfig
 .text.TIM_OC3_SetConfig
                0x08002574       0xd4 ./Drivers/STM32F1xx_HAL_Driver/Src/stm32f1xx_hal_tim.o
 .text.TIM_OC4_SetConfig
                0x08002648       0x9c ./Drivers/STM32F1xx_HAL_Driver/Src/stm32f1xx_hal_tim.o
 .text.TIM_TI1_ConfigInputStage
                0x080026e4       0x5c ./Drivers/STM32F1xx_HAL_Driver/Src/stm32f1xx_hal_tim.o
 .text.TIM_TI2_ConfigInputStage
                0x08002740       0x5e ./Drivers/STM32F1xx_HAL_Driver/Src/stm32f1xx_hal_tim.o
 .text.TIM_ITRx_SetConfig
                0x0800279e       0x34 ./Drivers/STM32F1xx_HAL_Driver/Src/stm32f1xx_hal_tim.o
 .text.TIM_ETR_SetConfig
                0x080027d2       0x3e ./Drivers/STM32F1xx_HAL_Driver/Src/stm32f1xx_hal_tim.o
                0x080027d2                TIM_ETR_SetConfig
 .text.TIM_CCxChannelCmd
                0x08002810       0x48 ./Drivers/STM32F1xx_HAL_Driver/Src/stm32f1xx_hal_tim.o
                0x08002810                TIM_CCxChannelCmd
 .text.HAL_TIMEx_MasterConfigSynchronization
                0x08002858       0xbc ./Drivers/STM32F1xx_HAL_Driver/Src/stm32f1xx_hal_tim_ex.o
                0x08002858                HAL_TIMEx_MasterConfigSynchronization
 .text.HAL_TIMEx_ConfigBreakDeadTime
                0x08002914       0xa2 ./Drivers/STM32F1xx_HAL_Driver/Src/stm32f1xx_hal_tim_ex.o
                0x08002914                HAL_TIMEx_ConfigBreakDeadTime
 .text.HAL_UART_Init
                0x080029b6       0x9a ./Drivers/STM32F1xx_HAL_Driver/Src/stm32f1xx_hal_uart.o
                0x080029b6                HAL_UART_Init
 .text.HAL_UART_Transmit
                0x08002a50      0x124 ./Drivers/STM32F1xx_HAL_Driver/Src/stm32f1xx_hal_uart.o
                0x08002a50                HAL_UART_Transmit
 .text.HAL_UART_Receive
                0x08002b74      0x144 ./Drivers/STM32F1xx_HAL_Driver/Src/stm32f1xx_hal_uart.o
                0x08002b74                HAL_UART_Receive
 .text.UART_WaitOnFlagUntilTimeout
                0x08002cb8       0x94 ./Drivers/STM32F1xx_HAL_Driver/Src/stm32f1xx_hal_uart.o
 .text.UART_SetConfig
                0x08002d4c      0x11c ./Drivers/STM32F1xx_HAL_Driver/Src/stm32f1xx_hal_uart.o
 .text.memset   0x08002e68       0x10 C:/ST/STM32CubeIDE_1.15.0/STM32CubeIDE/plugins/com.st.stm32cube.ide.mcu.externaltools.gnu-tools-for-stm32.12.3.rel1.win32_1.0.200.202406191623/tools/bin/../lib/gcc/arm-none-eabi/12.3.1/../../../../arm-none-eabi/lib/thumb/v7-m/nofp\libc_nano.a(libc_a-memset.o)
                0x08002e68                memset
 .text.__libc_init_array
                0x08002e78       0x48 C:/ST/STM32CubeIDE_1.15.0/STM32CubeIDE/plugins/com.st.stm32cube.ide.mcu.externaltools.gnu-tools-for-stm32.12.3.rel1.win32_1.0.200.202406191623/tools/bin/../lib/gcc/arm-none-eabi/12.3.1/../../../../arm-none-eabi/lib/thumb/v7-m/nofp\libc_nano.a(libc_a-init.o)
                0x08002e78                __libc_init_array
 *(.glue_7)
 .glue_7        0x08002ec0        0x0 linker stubs
 *(.glue_7t)
 .glue_7t       0x08002ec0        0x0 linker stubs
 *(.eh_frame)
 .eh_frame      0x08002ec0        0x0 C:/ST/STM32CubeIDE_1.15.0/STM32CubeIDE/plugins/com.st.stm32cube.ide.mcu.externaltools.gnu-tools-for-stm32.12.3.rel1.win32_1.0.200.202406191623/tools/bin/../lib/gcc/arm-none-eabi/12.3.1/thumb/v7-m/nofp/crtbegin.o
 *(.init)
 .init          0x08002ec0        0x4 C:/ST/STM32CubeIDE_1.15.0/STM32CubeIDE/plugins/com.st.stm32cube.ide.mcu.externaltools.gnu-tools-for-stm32.12.3.rel1.win32_1.0.200.202406191623/tools/bin/../lib/gcc/arm-none-eabi/12.3.1/thumb/v7-m/nofp/crti.o
                0x08002ec0                _init
 .init          0x08002ec4        0x8 C:/ST/STM32CubeIDE_1.15.0/STM32CubeIDE/plugins/com.st.stm32cube.ide.mcu.externaltools.gnu-tools-for-stm32.12.3.rel1.win32_1.0.200.202406191623/tools/bin/../lib/gcc/arm-none-eabi/12.3.1/thumb/v7-m/nofp/crtn.o
 *(.fini)
 .fini          0x08002ecc        0x4 C:/ST/STM32CubeIDE_1.15.0/STM32CubeIDE/plugins/com.st.stm32cube.ide.mcu.externaltools.gnu-tools-for-stm32.12.3.rel1.win32_1.0.200.202406191623/tools/bin/../lib/gcc/arm-none-eabi/12.3.1/thumb/v7-m/nofp/crti.o
                0x08002ecc                _fini
 .fini          0x08002ed0        0x8 C:/ST/STM32CubeIDE_1.15.0/STM32CubeIDE/plugins/com.st.stm32cube.ide.mcu.externaltools.gnu-tools-for-stm32.12.3.rel1.win32_1.0.200.202406191623/tools/bin/../lib/gcc/arm-none-eabi/12.3.1/thumb/v7-m/nofp/crtn.o
                0x08002ed8                        . = ALIGN (0x4)
                0x08002ed8                        _etext = .

.vfp11_veneer   0x08002ed8        0x0
 .vfp11_veneer  0x08002ed8        0x0 linker stubs

.v4_bx          0x08002ed8        0x0
 .v4_bx         0x08002ed8        0x0 linker stubs

.iplt           0x08002ed8        0x0
 .iplt          0x08002ed8        0x0 C:/ST/STM32CubeIDE_1.15.0/STM32CubeIDE/plugins/com.st.stm32cube.ide.mcu.externaltools.gnu-tools-for-stm32.12.3.rel1.win32_1.0.200.202406191623/tools/bin/../lib/gcc/arm-none-eabi/12.3.1/thumb/v7-m/nofp/crtbegin.o

.rodata         0x08002ed8       0x28
                0x08002ed8                        . = ALIGN (0x4)
 *(.rodata)
 .rodata        0x08002ed8       0x10 ./Drivers/STM32F1xx_HAL_Driver/Src/stm32f1xx_hal_rcc.o
 *(.rodata*)
 .rodata.AHBPrescTable
                0x08002ee8       0x10 ./Core/Src/system_stm32f1xx.o
                0x08002ee8                AHBPrescTable
 .rodata.APBPrescTable
                0x08002ef8        0x8 ./Core/Src/system_stm32f1xx.o
                0x08002ef8                APBPrescTable
                0x08002f00                        . = ALIGN (0x4)

.rel.dyn        0x08002f00        0x0
 .rel.iplt      0x08002f00        0x0 C:/ST/STM32CubeIDE_1.15.0/STM32CubeIDE/plugins/com.st.stm32cube.ide.mcu.externaltools.gnu-tools-for-stm32.12.3.rel1.win32_1.0.200.202406191623/tools/bin/../lib/gcc/arm-none-eabi/12.3.1/thumb/v7-m/nofp/crtbegin.o

.ARM.extab      0x08002f00        0x0
                0x08002f00                        . = ALIGN (0x4)
 *(.ARM.extab* .gnu.linkonce.armextab.*)
                0x08002f00                        . = ALIGN (0x4)

.ARM            0x08002f00        0x0
                0x08002f00                        . = ALIGN (0x4)
                0x08002f00                        __exidx_start = .
 *(.ARM.exidx*)
                0x08002f00                        __exidx_end = .
                0x08002f00                        . = ALIGN (0x4)

.preinit_array  0x08002f00        0x0
                0x08002f00                        . = ALIGN (0x4)
                0x08002f00                        PROVIDE (__preinit_array_start = .)
 *(.preinit_array*)
                0x08002f00                        PROVIDE (__preinit_array_end = .)
                0x08002f00                        . = ALIGN (0x4)

.init_array     0x08002f00        0x4
                0x08002f00                        . = ALIGN (0x4)
                0x08002f00                        PROVIDE (__init_array_start = .)
 *(SORT_BY_NAME(.init_array.*))
 *(.init_array*)
 .init_array    0x08002f00        0x4 C:/ST/STM32CubeIDE_1.15.0/STM32CubeIDE/plugins/com.st.stm32cube.ide.mcu.externaltools.gnu-tools-for-stm32.12.3.rel1.win32_1.0.200.202406191623/tools/bin/../lib/gcc/arm-none-eabi/12.3.1/thumb/v7-m/nofp/crtbegin.o
                0x08002f04                        PROVIDE (__init_array_end = .)
                0x08002f04                        . = ALIGN (0x4)

.fini_array     0x08002f04        0x4
                0x08002f04                        . = ALIGN (0x4)
                [!provide]                        PROVIDE (__fini_array_start = .)
 *(SORT_BY_NAME(.fini_array.*))
 *(.fini_array*)
 .fini_array    0x08002f04        0x4 C:/ST/STM32CubeIDE_1.15.0/STM32CubeIDE/plugins/com.st.stm32cube.ide.mcu.externaltools.gnu-tools-for-stm32.12.3.rel1.win32_1.0.200.202406191623/tools/bin/../lib/gcc/arm-none-eabi/12.3.1/thumb/v7-m/nofp/crtbegin.o
                [!provide]                        PROVIDE (__fini_array_end = .)
                0x08002f08                        . = ALIGN (0x4)
                0x08002f08                        _sidata = LOADADDR (.data)

.data           0x20000000       0x10 load address 0x08002f08
                0x20000000                        . = ALIGN (0x4)
                0x20000000                        _sdata = .
 *(.data)
 *(.data*)
 .data.bf       0x20000000        0x1 ./Core/Src/main.o
                0x20000000                bf
 *fill*         0x20000001        0x3 
 .data.SystemCoreClock
                0x20000004        0x4 ./Core/Src/system_stm32f1xx.o
                0x20000004                SystemCoreClock
 .data.uwTickPrio
                0x20000008        0x4 ./Drivers/STM32F1xx_HAL_Driver/Src/stm32f1xx_hal.o
                0x20000008                uwTickPrio
 .data.uwTickFreq
                0x2000000c        0x1 ./Drivers/STM32F1xx_HAL_Driver/Src/stm32f1xx_hal.o
                0x2000000c                uwTickFreq
 *(.RamFunc)
 *(.RamFunc*)
                0x20000010                        . = ALIGN (0x4)
 *fill*         0x2000000d        0x3 
                0x20000010                        _edata = .

.igot.plt       0x20000010        0x0 load address 0x08002f18
 .igot.plt      0x20000010        0x0 C:/ST/STM32CubeIDE_1.15.0/STM32CubeIDE/plugins/com.st.stm32cube.ide.mcu.externaltools.gnu-tools-for-stm32.12.3.rel1.win32_1.0.200.202406191623/tools/bin/../lib/gcc/arm-none-eabi/12.3.1/thumb/v7-m/nofp/crtbegin.o
                0x20000010                        . = ALIGN (0x4)

.bss            0x20000010      0x150 load address 0x08002f18
                0x20000010                        _sbss = .
                0x20000010                        __bss_start__ = _sbss
 *(.bss)
 .bss           0x20000010       0x1c C:/ST/STM32CubeIDE_1.15.0/STM32CubeIDE/plugins/com.st.stm32cube.ide.mcu.externaltools.gnu-tools-for-stm32.12.3.rel1.win32_1.0.200.202406191623/tools/bin/../lib/gcc/arm-none-eabi/12.3.1/thumb/v7-m/nofp/crtbegin.o
 *(.bss*)
 .bss.htim1     0x2000002c       0x48 ./Core/Src/main.o
                0x2000002c                htim1
 .bss.htim2     0x20000074       0x48 ./Core/Src/main.o
                0x20000074                htim2
 .bss.htim3     0x200000bc       0x48 ./Core/Src/main.o
                0x200000bc                htim3
 .bss.huart3    0x20000104       0x44 ./Core/Src/main.o
                0x20000104                huart3
 .bss.receivedData
                0x20000148        0x8 ./Core/Src/main.o
                0x20000148                receivedData
 .bss.motorverisi
                0x20000150        0x7 ./Core/Src/main.o
                0x20000150                motorverisi
 *fill*         0x20000157        0x1 
 .bss.x         0x20000158        0x4 ./Core/Src/main.o
                0x20000158                x
 .bss.uwTick    0x2000015c        0x4 ./Drivers/STM32F1xx_HAL_Driver/Src/stm32f1xx_hal.o
                0x2000015c                uwTick
 *(COMMON)
                0x20000160                        . = ALIGN (0x4)
                0x20000160                        _ebss = .
                0x20000160                        __bss_end__ = _ebss

._user_heap_stack
                0x20000160      0x600 load address 0x08002f18
                0x20000160                        . = ALIGN (0x8)
                [!provide]                        PROVIDE (end = .)
                0x20000160                        PROVIDE (_end = .)
                0x20000360                        . = (. + _Min_Heap_Size)
 *fill*         0x20000160      0x200 
                0x20000760                        . = (. + _Min_Stack_Size)
 *fill*         0x20000360      0x400 
                0x20000760                        . = ALIGN (0x8)

/DISCARD/
 libc.a(*)
 libm.a(*)
 libgcc.a(*)

.ARM.attributes
                0x00000000       0x29
 *(.ARM.attributes)
 .ARM.attributes
                0x00000000       0x1d C:/ST/STM32CubeIDE_1.15.0/STM32CubeIDE/plugins/com.st.stm32cube.ide.mcu.externaltools.gnu-tools-for-stm32.12.3.rel1.win32_1.0.200.202406191623/tools/bin/../lib/gcc/arm-none-eabi/12.3.1/thumb/v7-m/nofp/crti.o
 .ARM.attributes
                0x0000001d       0x2d C:/ST/STM32CubeIDE_1.15.0/STM32CubeIDE/plugins/com.st.stm32cube.ide.mcu.externaltools.gnu-tools-for-stm32.12.3.rel1.win32_1.0.200.202406191623/tools/bin/../lib/gcc/arm-none-eabi/12.3.1/thumb/v7-m/nofp/crtbegin.o
 .ARM.attributes
                0x0000004a       0x2d ./Core/Src/main.o
 .ARM.attributes
                0x00000077       0x2d ./Core/Src/stm32f1xx_hal_msp.o
 .ARM.attributes
                0x000000a4       0x2d ./Core/Src/stm32f1xx_it.o
 .ARM.attributes
                0x000000d1       0x2d ./Core/Src/system_stm32f1xx.o
 .ARM.attributes
                0x000000fe       0x21 ./Core/Startup/startup_stm32f103c8tx.o
 .ARM.attributes
                0x0000011f       0x2d ./Drivers/STM32F1xx_HAL_Driver/Src/stm32f1xx_hal.o
 .ARM.attributes
                0x0000014c       0x2d ./Drivers/STM32F1xx_HAL_Driver/Src/stm32f1xx_hal_cortex.o
 .ARM.attributes
                0x00000179       0x2d ./Drivers/STM32F1xx_HAL_Driver/Src/stm32f1xx_hal_gpio.o
 .ARM.attributes
                0x000001a6       0x2d ./Drivers/STM32F1xx_HAL_Driver/Src/stm32f1xx_hal_rcc.o
 .ARM.attributes
                0x000001d3       0x2d ./Drivers/STM32F1xx_HAL_Driver/Src/stm32f1xx_hal_tim.o
 .ARM.attributes
                0x00000200       0x2d ./Drivers/STM32F1xx_HAL_Driver/Src/stm32f1xx_hal_tim_ex.o
 .ARM.attributes
                0x0000022d       0x2d ./Drivers/STM32F1xx_HAL_Driver/Src/stm32f1xx_hal_uart.o
 .ARM.attributes
                0x0000025a       0x2d C:/ST/STM32CubeIDE_1.15.0/STM32CubeIDE/plugins/com.st.stm32cube.ide.mcu.externaltools.gnu-tools-for-stm32.12.3.rel1.win32_1.0.200.202406191623/tools/bin/../lib/gcc/arm-none-eabi/12.3.1/../../../../arm-none-eabi/lib/thumb/v7-m/nofp\libc_nano.a(libc_a-memset.o)
 .ARM.attributes
                0x00000287       0x2d C:/ST/STM32CubeIDE_1.15.0/STM32CubeIDE/plugins/com.st.stm32cube.ide.mcu.externaltools.gnu-tools-for-stm32.12.3.rel1.win32_1.0.200.202406191623/tools/bin/../lib/gcc/arm-none-eabi/12.3.1/../../../../arm-none-eabi/lib/thumb/v7-m/nofp\libc_nano.a(libc_a-init.o)
 .ARM.attributes
                0x000002b4       0x1d C:/ST/STM32CubeIDE_1.15.0/STM32CubeIDE/plugins/com.st.stm32cube.ide.mcu.externaltools.gnu-tools-for-stm32.12.3.rel1.win32_1.0.200.202406191623/tools/bin/../lib/gcc/arm-none-eabi/12.3.1/thumb/v7-m/nofp/crtn.o
OUTPUT(rov_stm_c.elf elf32-littlearm)
LOAD linker stubs
LOAD C:/ST/STM32CubeIDE_1.15.0/STM32CubeIDE/plugins/com.st.stm32cube.ide.mcu.externaltools.gnu-tools-for-stm32.12.3.rel1.win32_1.0.200.202406191623/tools/bin/../lib/gcc/arm-none-eabi/12.3.1/../../../../arm-none-eabi/lib/thumb/v7-m/nofp\libc.a
LOAD C:/ST/STM32CubeIDE_1.15.0/STM32CubeIDE/plugins/com.st.stm32cube.ide.mcu.externaltools.gnu-tools-for-stm32.12.3.rel1.win32_1.0.200.202406191623/tools/bin/../lib/gcc/arm-none-eabi/12.3.1/../../../../arm-none-eabi/lib/thumb/v7-m/nofp\libm.a
LOAD C:/ST/STM32CubeIDE_1.15.0/STM32CubeIDE/plugins/com.st.stm32cube.ide.mcu.externaltools.gnu-tools-for-stm32.12.3.rel1.win32_1.0.200.202406191623/tools/bin/../lib/gcc/arm-none-eabi/12.3.1/thumb/v7-m/nofp\libgcc.a

.debug_info     0x00000000     0x9037
 .debug_info    0x00000000     0x115d ./Core/Src/main.o
 .debug_info    0x0000115d      0xc49 ./Core/Src/stm32f1xx_hal_msp.o
 .debug_info    0x00001da6      0x113 ./Core/Src/stm32f1xx_it.o
 .debug_info    0x00001eb9      0x222 ./Core/Src/system_stm32f1xx.o
 .debug_info    0x000020db       0x30 ./Core/Startup/startup_stm32f103c8tx.o
 .debug_info    0x0000210b      0x704 ./Drivers/STM32F1xx_HAL_Driver/Src/stm32f1xx_hal.o
 .debug_info    0x0000280f      0xa87 ./Drivers/STM32F1xx_HAL_Driver/Src/stm32f1xx_hal_cortex.o
 .debug_info    0x00003296      0x5ab ./Drivers/STM32F1xx_HAL_Driver/Src/stm32f1xx_hal_gpio.o
 .debug_info    0x00003841      0x7e9 ./Drivers/STM32F1xx_HAL_Driver/Src/stm32f1xx_hal_rcc.o
 .debug_info    0x0000402a     0x2789 ./Drivers/STM32F1xx_HAL_Driver/Src/stm32f1xx_hal_tim.o
 .debug_info    0x000067b3     0x13f1 ./Drivers/STM32F1xx_HAL_Driver/Src/stm32f1xx_hal_tim_ex.o
 .debug_info    0x00007ba4     0x1493 ./Drivers/STM32F1xx_HAL_Driver/Src/stm32f1xx_hal_uart.o

.debug_abbrev   0x00000000     0x178c
 .debug_abbrev  0x00000000      0x2b7 ./Core/Src/main.o
 .debug_abbrev  0x000002b7      0x213 ./Core/Src/stm32f1xx_hal_msp.o
 .debug_abbrev  0x000004ca       0x73 ./Core/Src/stm32f1xx_it.o
 .debug_abbrev  0x0000053d      0x13f ./Core/Src/system_stm32f1xx.o
 .debug_abbrev  0x0000067c       0x24 ./Core/Startup/startup_stm32f103c8tx.o
 .debug_abbrev  0x000006a0      0x201 ./Drivers/STM32F1xx_HAL_Driver/Src/stm32f1xx_hal.o
 .debug_abbrev  0x000008a1      0x2f8 ./Drivers/STM32F1xx_HAL_Driver/Src/stm32f1xx_hal_cortex.o
 .debug_abbrev  0x00000b99      0x1ca ./Drivers/STM32F1xx_HAL_Driver/Src/stm32f1xx_hal_gpio.o
 .debug_abbrev  0x00000d63      0x2b1 ./Drivers/STM32F1xx_HAL_Driver/Src/stm32f1xx_hal_rcc.o
 .debug_abbrev  0x00001014      0x270 ./Drivers/STM32F1xx_HAL_Driver/Src/stm32f1xx_hal_tim.o
 .debug_abbrev  0x00001284      0x27b ./Drivers/STM32F1xx_HAL_Driver/Src/stm32f1xx_hal_tim_ex.o
 .debug_abbrev  0x000014ff      0x28d ./Drivers/STM32F1xx_HAL_Driver/Src/stm32f1xx_hal_uart.o

.debug_aranges  0x00000000      0xb50
 .debug_aranges
                0x00000000       0x58 ./Core/Src/main.o
 .debug_aranges
                0x00000058       0x48 ./Core/Src/stm32f1xx_hal_msp.o
 .debug_aranges
                0x000000a0       0x60 ./Core/Src/stm32f1xx_it.o
 .debug_aranges
                0x00000100       0x28 ./Core/Src/system_stm32f1xx.o
 .debug_aranges
                0x00000128       0x28 ./Core/Startup/startup_stm32f103c8tx.o
 .debug_aranges
                0x00000150       0xe0 ./Drivers/STM32F1xx_HAL_Driver/Src/stm32f1xx_hal.o
 .debug_aranges
                0x00000230      0x100 ./Drivers/STM32F1xx_HAL_Driver/Src/stm32f1xx_hal_cortex.o
 .debug_aranges
                0x00000330       0x58 ./Drivers/STM32F1xx_HAL_Driver/Src/stm32f1xx_hal_gpio.o
 .debug_aranges
                0x00000388       0x90 ./Drivers/STM32F1xx_HAL_Driver/Src/stm32f1xx_hal_rcc.o
 .debug_aranges
                0x00000418      0x3d0 ./Drivers/STM32F1xx_HAL_Driver/Src/stm32f1xx_hal_tim.o
 .debug_aranges
                0x000007e8      0x168 ./Drivers/STM32F1xx_HAL_Driver/Src/stm32f1xx_hal_tim_ex.o
 .debug_aranges
                0x00000950      0x200 ./Drivers/STM32F1xx_HAL_Driver/Src/stm32f1xx_hal_uart.o

.debug_rnglists
                0x00000000      0x8e9
 .debug_rnglists
                0x00000000       0x43 ./Core/Src/main.o
 .debug_rnglists
                0x00000043       0x34 ./Core/Src/stm32f1xx_hal_msp.o
 .debug_rnglists
                0x00000077       0x43 ./Core/Src/stm32f1xx_it.o
 .debug_rnglists
                0x000000ba       0x1a ./Core/Src/system_stm32f1xx.o
 .debug_rnglists
                0x000000d4       0x19 ./Core/Startup/startup_stm32f103c8tx.o
 .debug_rnglists
                0x000000ed       0xa3 ./Drivers/STM32F1xx_HAL_Driver/Src/stm32f1xx_hal.o
 .debug_rnglists
                0x00000190       0xbb ./Drivers/STM32F1xx_HAL_Driver/Src/stm32f1xx_hal_cortex.o
 .debug_rnglists
                0x0000024b       0x3f ./Drivers/STM32F1xx_HAL_Driver/Src/stm32f1xx_hal_gpio.o
 .debug_rnglists
                0x0000028a       0x6c ./Drivers/STM32F1xx_HAL_Driver/Src/stm32f1xx_hal_rcc.o
 .debug_rnglists
                0x000002f6      0x31a ./Drivers/STM32F1xx_HAL_Driver/Src/stm32f1xx_hal_tim.o
 .debug_rnglists
                0x00000610      0x125 ./Drivers/STM32F1xx_HAL_Driver/Src/stm32f1xx_hal_tim_ex.o
 .debug_rnglists
                0x00000735      0x1b4 ./Drivers/STM32F1xx_HAL_Driver/Src/stm32f1xx_hal_uart.o

.debug_macro    0x00000000    0x174b7
 .debug_macro   0x00000000      0x2af ./Core/Src/main.o
 .debug_macro   0x000002af      0xaa8 ./Core/Src/main.o
 .debug_macro   0x00000d57      0x21b ./Core/Src/main.o
 .debug_macro   0x00000f72       0x2e ./Core/Src/main.o
 .debug_macro   0x00000fa0       0x22 ./Core/Src/main.o
 .debug_macro   0x00000fc2       0x22 ./Core/Src/main.o
 .debug_macro   0x00000fe4       0x8e ./Core/Src/main.o
 .debug_macro   0x00001072       0x51 ./Core/Src/main.o
 .debug_macro   0x000010c3      0x103 ./Core/Src/main.o
 .debug_macro   0x000011c6       0x6a ./Core/Src/main.o
 .debug_macro   0x00001230      0x1df ./Core/Src/main.o
 .debug_macro   0x0000140f       0x1c ./Core/Src/main.o
 .debug_macro   0x0000142b       0x22 ./Core/Src/main.o
 .debug_macro   0x0000144d       0xbd ./Core/Src/main.o
 .debug_macro   0x0000150a      0xd23 ./Core/Src/main.o
 .debug_macro   0x0000222d     0xe09e ./Core/Src/main.o
 .debug_macro   0x000102cb       0x6d ./Core/Src/main.o
 .debug_macro   0x00010338     0x3468 ./Core/Src/main.o
 .debug_macro   0x000137a0      0x189 ./Core/Src/main.o
 .debug_macro   0x00013929       0x5c ./Core/Src/main.o
 .debug_macro   0x00013985      0x5be ./Core/Src/main.o
 .debug_macro   0x00013f43      0x289 ./Core/Src/main.o
 .debug_macro   0x000141cc      0x1cb ./Core/Src/main.o
 .debug_macro   0x00014397      0x114 ./Core/Src/main.o
 .debug_macro   0x000144ab      0x1b2 ./Core/Src/main.o
 .debug_macro   0x0001465d       0x27 ./Core/Src/main.o
 .debug_macro   0x00014684      0x136 ./Core/Src/main.o
 .debug_macro   0x000147ba      0x1bc ./Core/Src/main.o
 .debug_macro   0x00014976       0x34 ./Core/Src/main.o
 .debug_macro   0x000149aa       0x3c ./Core/Src/main.o
 .debug_macro   0x000149e6       0x57 ./Core/Src/main.o
 .debug_macro   0x00014a3d       0x88 ./Core/Src/main.o
 .debug_macro   0x00014ac5      0x241 ./Core/Src/main.o
 .debug_macro   0x00014d06      0x141 ./Core/Src/main.o
 .debug_macro   0x00014e47      0x8d1 ./Core/Src/main.o
 .debug_macro   0x00015718      0x279 ./Core/Src/main.o
 .debug_macro   0x00015991       0x83 ./Core/Src/main.o
 .debug_macro   0x00015a14       0x61 ./Core/Src/main.o
 .debug_macro   0x00015a75       0x24 ./Core/Src/main.o
 .debug_macro   0x00015a99       0x43 ./Core/Src/main.o
 .debug_macro   0x00015adc       0x34 ./Core/Src/main.o
 .debug_macro   0x00015b10       0x16 ./Core/Src/main.o
 .debug_macro   0x00015b26       0x43 ./Core/Src/main.o
 .debug_macro   0x00015b69       0x34 ./Core/Src/main.o
 .debug_macro   0x00015b9d       0x10 ./Core/Src/main.o
 .debug_macro   0x00015bad       0x58 ./Core/Src/main.o
 .debug_macro   0x00015c05       0x8e ./Core/Src/main.o
 .debug_macro   0x00015c93       0x1c ./Core/Src/main.o
 .debug_macro   0x00015caf      0x177 ./Core/Src/main.o
 .debug_macro   0x00015e26      0x369 ./Core/Src/main.o
 .debug_macro   0x0001618f       0x10 ./Core/Src/main.o
 .debug_macro   0x0001619f       0x35 ./Core/Src/main.o
 .debug_macro   0x000161d4       0x20 ./Core/Src/main.o
 .debug_macro   0x000161f4       0x1c ./Core/Src/main.o
 .debug_macro   0x00016210       0x10 ./Core/Src/main.o
 .debug_macro   0x00016220       0x1c ./Core/Src/main.o
 .debug_macro   0x0001623c       0x16 ./Core/Src/main.o
 .debug_macro   0x00016252      0x146 ./Core/Src/main.o
 .debug_macro   0x00016398      0x1ad ./Core/Src/stm32f1xx_hal_msp.o
 .debug_macro   0x00016545      0x1b7 ./Core/Src/stm32f1xx_it.o
 .debug_macro   0x000166fc      0x1a3 ./Core/Src/system_stm32f1xx.o
 .debug_macro   0x0001689f      0x1c7 ./Drivers/STM32F1xx_HAL_Driver/Src/stm32f1xx_hal.o
 .debug_macro   0x00016a66      0x1a3 ./Drivers/STM32F1xx_HAL_Driver/Src/stm32f1xx_hal_cortex.o
 .debug_macro   0x00016c09      0x20e ./Drivers/STM32F1xx_HAL_Driver/Src/stm32f1xx_hal_gpio.o
 .debug_macro   0x00016e17      0x1b5 ./Drivers/STM32F1xx_HAL_Driver/Src/stm32f1xx_hal_rcc.o
 .debug_macro   0x00016fcc      0x1a4 ./Drivers/STM32F1xx_HAL_Driver/Src/stm32f1xx_hal_tim.o
 .debug_macro   0x00017170      0x1a3 ./Drivers/STM32F1xx_HAL_Driver/Src/stm32f1xx_hal_tim_ex.o
 .debug_macro   0x00017313      0x1a4 ./Drivers/STM32F1xx_HAL_Driver/Src/stm32f1xx_hal_uart.o

.debug_line     0x00000000     0xb963
 .debug_line    0x00000000      0xd12 ./Core/Src/main.o
 .debug_line    0x00000d12      0x841 ./Core/Src/stm32f1xx_hal_msp.o
 .debug_line    0x00001553      0x7c7 ./Core/Src/stm32f1xx_it.o
 .debug_line    0x00001d1a      0x783 ./Core/Src/system_stm32f1xx.o
 .debug_line    0x0000249d       0x79 ./Core/Startup/startup_stm32f103c8tx.o
 .debug_line    0x00002516      0x9b0 ./Drivers/STM32F1xx_HAL_Driver/Src/stm32f1xx_hal.o
 .debug_line    0x00002ec6      0xb9c ./Drivers/STM32F1xx_HAL_Driver/Src/stm32f1xx_hal_cortex.o
 .debug_line    0x00003a62      0xa47 ./Drivers/STM32F1xx_HAL_Driver/Src/stm32f1xx_hal_gpio.o
 .debug_line    0x000044a9      0xdbb ./Drivers/STM32F1xx_HAL_Driver/Src/stm32f1xx_hal_rcc.o
 .debug_line    0x00005264     0x3384 ./Drivers/STM32F1xx_HAL_Driver/Src/stm32f1xx_hal_tim.o
 .debug_line    0x000085e8     0x18d8 ./Drivers/STM32F1xx_HAL_Driver/Src/stm32f1xx_hal_tim_ex.o
 .debug_line    0x00009ec0     0x1aa3 ./Drivers/STM32F1xx_HAL_Driver/Src/stm32f1xx_hal_uart.o

.debug_str      0x00000000    0x89a96
 .debug_str     0x00000000    0x872fc ./Core/Src/main.o
                              0x87716 (size before relaxing)
 .debug_str     0x000872fc       0xcf ./Core/Src/stm32f1xx_hal_msp.o
                              0x83b70 (size before relaxing)
 .debug_str     0x000873cb       0xfd ./Core/Src/stm32f1xx_it.o
                              0x833fe (size before relaxing)
 .debug_str     0x000874c8       0x7e ./Core/Src/system_stm32f1xx.o
                              0x83414 (size before relaxing)
 .debug_str     0x00087546       0x44 ./Core/Startup/startup_stm32f103c8tx.o
                                 0x78 (size before relaxing)
 .debug_str     0x0008758a      0x607 ./Drivers/STM32F1xx_HAL_Driver/Src/stm32f1xx_hal.o
                              0x83b47 (size before relaxing)
 .debug_str     0x00087b91      0x2bb ./Drivers/STM32F1xx_HAL_Driver/Src/stm32f1xx_hal_cortex.o
                              0x83a93 (size before relaxing)
 .debug_str     0x00087e4c      0x2e6 ./Drivers/STM32F1xx_HAL_Driver/Src/stm32f1xx_hal_gpio.o
                              0x8379a (size before relaxing)
 .debug_str     0x00088132      0x229 ./Drivers/STM32F1xx_HAL_Driver/Src/stm32f1xx_hal_rcc.o
                              0x83843 (size before relaxing)
 .debug_str     0x0008835b      0xd7f ./Drivers/STM32F1xx_HAL_Driver/Src/stm32f1xx_hal_tim.o
                              0x8482e (size before relaxing)
 .debug_str     0x000890da      0x3e1 ./Drivers/STM32F1xx_HAL_Driver/Src/stm32f1xx_hal_tim_ex.o
                              0x8404a (size before relaxing)
 .debug_str     0x000894bb      0x5db ./Drivers/STM32F1xx_HAL_Driver/Src/stm32f1xx_hal_uart.o
                              0x83e4e (size before relaxing)

.comment        0x00000000       0x86
 .comment       0x00000000       0x43 ./Core/Src/main.o
                                 0x44 (size before relaxing)
 .comment       0x00000043       0x44 ./Core/Src/stm32f1xx_hal_msp.o
 .comment       0x00000043       0x43 ./Core/Src/stm32f1xx_it.o
                                 0x44 (size before relaxing)
 .comment       0x00000086       0x44 ./Core/Src/system_stm32f1xx.o
 .comment       0x00000086       0x44 ./Drivers/STM32F1xx_HAL_Driver/Src/stm32f1xx_hal.o
 .comment       0x00000086       0x44 ./Drivers/STM32F1xx_HAL_Driver/Src/stm32f1xx_hal_cortex.o
 .comment       0x00000086       0x44 ./Drivers/STM32F1xx_HAL_Driver/Src/stm32f1xx_hal_gpio.o
 .comment       0x00000086       0x44 ./Drivers/STM32F1xx_HAL_Driver/Src/stm32f1xx_hal_rcc.o
 .comment       0x00000086       0x44 ./Drivers/STM32F1xx_HAL_Driver/Src/stm32f1xx_hal_tim.o
 .comment       0x00000086       0x44 ./Drivers/STM32F1xx_HAL_Driver/Src/stm32f1xx_hal_tim_ex.o
 .comment       0x00000086       0x44 ./Drivers/STM32F1xx_HAL_Driver/Src/stm32f1xx_hal_uart.o

.debug_frame    0x00000000     0x2f7c
 .debug_frame   0x00000000      0x118 ./Core/Src/main.o
 .debug_frame   0x00000118       0xf4 ./Core/Src/stm32f1xx_hal_msp.o
 .debug_frame   0x0000020c      0x104 ./Core/Src/stm32f1xx_it.o
 .debug_frame   0x00000310       0x58 ./Core/Src/system_stm32f1xx.o
 .debug_frame   0x00000368      0x334 ./Drivers/STM32F1xx_HAL_Driver/Src/stm32f1xx_hal.o
 .debug_frame   0x0000069c      0x428 ./Drivers/STM32F1xx_HAL_Driver/Src/stm32f1xx_hal_cortex.o
 .debug_frame   0x00000ac4      0x14c ./Drivers/STM32F1xx_HAL_Driver/Src/stm32f1xx_hal_gpio.o
 .debug_frame   0x00000c10      0x21c ./Drivers/STM32F1xx_HAL_Driver/Src/stm32f1xx_hal_rcc.o
 .debug_frame   0x00000e2c     0x11b8 ./Drivers/STM32F1xx_HAL_Driver/Src/stm32f1xx_hal_tim.o
 .debug_frame   0x00001fe4      0x638 ./Drivers/STM32F1xx_HAL_Driver/Src/stm32f1xx_hal_tim_ex.o
 .debug_frame   0x0000261c      0x914 ./Drivers/STM32F1xx_HAL_Driver/Src/stm32f1xx_hal_uart.o
 .debug_frame   0x00002f30       0x20 C:/ST/STM32CubeIDE_1.15.0/STM32CubeIDE/plugins/com.st.stm32cube.ide.mcu.externaltools.gnu-tools-for-stm32.12.3.rel1.win32_1.0.200.202406191623/tools/bin/../lib/gcc/arm-none-eabi/12.3.1/../../../../arm-none-eabi/lib/thumb/v7-m/nofp\libc_nano.a(libc_a-memset.o)
 .debug_frame   0x00002f50       0x2c C:/ST/STM32CubeIDE_1.15.0/STM32CubeIDE/plugins/com.st.stm32cube.ide.mcu.externaltools.gnu-tools-for-stm32.12.3.rel1.win32_1.0.200.202406191623/tools/bin/../lib/gcc/arm-none-eabi/12.3.1/../../../../arm-none-eabi/lib/thumb/v7-m/nofp\libc_nano.a(libc_a-init.o)

.debug_line_str
                0x00000000       0x5c
 .debug_line_str
                0x00000000       0x5c ./Core/Startup/startup_stm32f103c8tx.o
